                                      1 ;--------------------------------------------------------
                                      2 ; File Created by SDCC : free open source ANSI-C Compiler
                                      3 ; Version 3.8.0 #10562 (Linux)
                                      4 ;--------------------------------------------------------
                                      5 	.module hidden
                                      6 	.optsdcc -mmcs51 --model-small
                                      7 	
                                      8 ;--------------------------------------------------------
                                      9 ; Public variables in this module
                                     10 ;--------------------------------------------------------
                                     11 	.globl _func
                                     12 	.globl _main
                                     13 ;--------------------------------------------------------
                                     14 ; special function registers
                                     15 ;--------------------------------------------------------
                                     16 	.area RSEG    (ABS,DATA)
      000000                         17 	.org 0x0000
                                     18 ;--------------------------------------------------------
                                     19 ; special function bits
                                     20 ;--------------------------------------------------------
                                     21 	.area RSEG    (ABS,DATA)
      000000                         22 	.org 0x0000
                                     23 ;--------------------------------------------------------
                                     24 ; overlayable register banks
                                     25 ;--------------------------------------------------------
                                     26 	.area REG_BANK_0	(REL,OVR,DATA)
      000000                         27 	.ds 8
                                     28 ;--------------------------------------------------------
                                     29 ; internal ram data
                                     30 ;--------------------------------------------------------
                                     31 	.area DSEG    (DATA)
                                     32 ;--------------------------------------------------------
                                     33 ; overlayable items in internal ram 
                                     34 ;--------------------------------------------------------
                                     35 ;--------------------------------------------------------
                                     36 ; Stack segment in internal ram 
                                     37 ;--------------------------------------------------------
                                     38 	.area	SSEG
      000000                         39 __start__stack:
      000000                         40 	.ds	1
                                     41 
                                     42 ;--------------------------------------------------------
                                     43 ; indirectly addressable internal ram data
                                     44 ;--------------------------------------------------------
                                     45 	.area ISEG    (DATA)
                                     46 ;--------------------------------------------------------
                                     47 ; absolute internal ram data
                                     48 ;--------------------------------------------------------
                                     49 	.area IABS    (ABS,DATA)
                                     50 	.area IABS    (ABS,DATA)
                                     51 ;--------------------------------------------------------
                                     52 ; bit data
                                     53 ;--------------------------------------------------------
                                     54 	.area BSEG    (BIT)
                                     55 ;--------------------------------------------------------
                                     56 ; paged external ram data
                                     57 ;--------------------------------------------------------
                                     58 	.area PSEG    (PAG,XDATA)
                                     59 ;--------------------------------------------------------
                                     60 ; external ram data
                                     61 ;--------------------------------------------------------
                                     62 	.area XSEG    (XDATA)
                                     63 ;--------------------------------------------------------
                                     64 ; absolute external ram data
                                     65 ;--------------------------------------------------------
                                     66 	.area XABS    (ABS,XDATA)
                                     67 ;--------------------------------------------------------
                                     68 ; external initialized ram data
                                     69 ;--------------------------------------------------------
                                     70 	.area XISEG   (XDATA)
                                     71 	.area HOME    (CODE)
                                     72 	.area GSINIT0 (CODE)
                                     73 	.area GSINIT1 (CODE)
                                     74 	.area GSINIT2 (CODE)
                                     75 	.area GSINIT3 (CODE)
                                     76 	.area GSINIT4 (CODE)
                                     77 	.area GSINIT5 (CODE)
                                     78 	.area GSINIT  (CODE)
                                     79 	.area GSFINAL (CODE)
                                     80 	.area CSEG    (CODE)
                                     81 ;--------------------------------------------------------
                                     82 ; interrupt vector 
                                     83 ;--------------------------------------------------------
                                     84 	.area HOME    (CODE)
      000000                         85 __interrupt_vect:
      000000 02r00r00         [24]   86 	ljmp	__sdcc_gsinit_startup
                                     87 ;--------------------------------------------------------
                                     88 ; global & static initialisations
                                     89 ;--------------------------------------------------------
                                     90 	.area HOME    (CODE)
                                     91 	.area GSINIT  (CODE)
                                     92 	.area GSFINAL (CODE)
                                     93 	.area GSINIT  (CODE)
                                     94 	.globl __sdcc_gsinit_startup
                                     95 	.globl __sdcc_program_startup
                                     96 	.globl __start__stack
                                     97 	.globl __mcs51_genXINIT
                                     98 	.globl __mcs51_genXRAMCLEAR
                                     99 	.globl __mcs51_genRAMCLEAR
                                    100 	.area GSFINAL (CODE)
      000000 02r00r03         [24]  101 	ljmp	__sdcc_program_startup
                                    102 ;--------------------------------------------------------
                                    103 ; Home
                                    104 ;--------------------------------------------------------
                                    105 	.area HOME    (CODE)
                                    106 	.area HOME    (CODE)
      000003                        107 __sdcc_program_startup:
      000003 02r00r00         [24]  108 	ljmp	_main
                                    109 ;	return from main will return to caller
                                    110 ;--------------------------------------------------------
                                    111 ; code
                                    112 ;--------------------------------------------------------
                                    113 	.area CSEG    (CODE)
                                    114 ;------------------------------------------------------------
                                    115 ;Allocation info for local variables in function 'main'
                                    116 ;------------------------------------------------------------
                                    117 ;	hidden.c:4: int main(){
                                    118 ;	-----------------------------------------
                                    119 ;	 function main
                                    120 ;	-----------------------------------------
      000000                        121 _main:
                           000007   122 	ar7 = 0x07
                           000006   123 	ar6 = 0x06
                           000005   124 	ar5 = 0x05
                           000004   125 	ar4 = 0x04
                           000003   126 	ar3 = 0x03
                           000002   127 	ar2 = 0x02
                           000001   128 	ar1 = 0x01
                           000000   129 	ar0 = 0x00
                                    130 ;	hidden.c:5: return 0;
      000000 90 00 00         [24]  131 	mov	dptr,#0x0000
                                    132 ;	hidden.c:6: }
      000003 22               [24]  133 	ret
                                    134 ;------------------------------------------------------------
                                    135 ;Allocation info for local variables in function 'func'
                                    136 ;------------------------------------------------------------
                                    137 ;	hidden.c:7: void func(){
                                    138 ;	-----------------------------------------
                                    139 ;	 function func
                                    140 ;	-----------------------------------------
      000004                        141 _func:
                                    142 ;	hidden.c:30: __endasm;
      000004 78 00            [12]  143 	mov	r0,#0
      000006                        144 	$0001:
      000006 90 0E 00         [24]  145 	mov	dptr,#0xe00
      000009 E8               [12]  146 	mov	a,r0
      00000A 93               [24]  147 	movc	a,@a+dptr
      00000B F9               [12]  148 	mov	r1,a
      00000C 90 0E 80         [24]  149 	mov	dptr,#0xe80
      00000F E8               [12]  150 	mov	a,r0
      000010 93               [24]  151 	movc	a,@a+dptr
      000011 49               [12]  152 	orl	a,r1
      000012 FC               [12]  153 	mov	r4,a
      000013                        154 	$0002:
      000013 E5 F3            [12]  155 	mov	a,0xf3
      000015 60 FC            [24]  156 	jz	$0002
      000017 08               [12]  157 	inc	r0
      000018 EC               [12]  158 	mov	a,r4
      000019 F5 F2            [12]  159 	mov	0xf2,a
      00001B 70 E9            [24]  160 	jnz	$0001
                                    161 ;	hidden.c:31: }
      00001D 22               [24]  162 	ret
                                    163 	.area CSEG    (CODE)
                                    164 	.area CONST   (CODE)
                                    165 	.area XINIT   (CODE)
                                    166 	.area CABS    (ABS,CODE)
